[0;32m[INFO][0m Running complete build process...
[0;32m[INFO][0m Generating code snapshot in ./llms.txt...
╭──────────────────────────── CodeToPrompt (Local) ────────────────────────────╮
│ Configuration for this run:                                                  │
│ Root Directory: /Users/adam/Developer/vcs/github.vexyart/vexy-svgo           │
│ Include Patterns: ['*']                                                      │
│ Exclude Patterns: ['*.svg', '.specstory', 'ref', 'testdata', '*.lock',       │
│ 'llms*.txt', '*.d', '*.json', '*.html', '*.svg', '.specstory', 'ref',        │
│ 'testdata', '*.lock', '*.svg', '*.css', '*.txt']                             │
│ Respect .gitignore: True                                                     │
│ Show Line Numbers: False                                                     │
│ Count Tokens: True                                                           │
│ Compress Code: True                                                          │
│ Max Tokens: Unlimited                                                        │
│ Tree Depth: 5                                                                │
│ Output Format: cxml                                                          │
│ Interactive Mode: False                                                      │
╰──────────────────────────────────────────────────────────────────────────────╯
